// Jest Snapshot v1, https://goo.gl/fbAQLP

exports[`store should serialize content 1`] = `
Object {
  "ctx": Object {
    "#1": Object {
      "r": "0 1 2 9 a b d e f! 9 g #0 h",
    },
  },
  "objs": Array [
    1,
    "hola",
    Object {
      "a": "3",
      "b": "1",
      "c": 123,
      "d": "e",
      "e": "d",
      "f": "a",
      "g": "9",
      "h": "4",
    },
    Object {
      "thing": 12,
    },
    Array [
      "0",
      "5",
      "e",
      "6",
      "7",
    ],
    "string",
    Object {
      "hola": "0",
    },
    Array [
      "8",
    ],
    "hello",
    "",
    null,
    Array [
      "0",
      2,
      "1",
      "c",
    ],
    Object {},
    true,
    false,
    Object {
      "count": 0,
    },
    "/runtimeQRL#s1",
    "",
  ],
  "subs": Array [],
}
`;
