---
source: packages/qwik/src/optimizer/core/src/test.rs
expression: output
---
==INPUT==


import { $, component$ } from '@builder.io/qwik';

export const Foo = component$(({foo}) => {
    const arg0 = 20;
    return $(() => {
        const fn = ({aaa}) => aaa;
        return (
            <div>
              {foo}{fn()}{arg0}
            </div>
        )
    });
})

export const Bar = component$(({bar}) => {
    return $(() => {
        return (
            <div>
              {bar}
            </div>
        )
    });
})

============================= foo_component_htdrsvublie.tsx (ENTRY POINT)==

import { qrl } from "@builder.io/qwik";
export const Foo_component_HTDRsvUbLiE = ({ foo  })=>{
    const arg0 = 20;
    return qrl(()=>import("./foo_component_1_dvu6fitwgly")
    , "Foo_component_1_DvU6FitWglY", [
        arg0,
        foo
    ]);
};

/*
{
  "origin": "test.tsx",
  "name": "Foo_component_HTDRsvUbLiE",
  "entry": null,
  "displayName": "Foo_component",
  "hash": "HTDRsvUbLiE",
  "canonicalFilename": "foo_component_htdrsvublie",
  "extension": "tsx",
  "parent": null,
  "ctxKind": "function",
  "ctxName": "component$",
  "captures": false,
  "loc": [
    83,
    278
  ]
}
*/
============================= bar_component_l80ps8hxf1y.tsx (ENTRY POINT)==

import { qrl } from "@builder.io/qwik";
export const Bar_component_L80pS8Hxf1Y = ({ bar  })=>{
    return qrl(()=>import("./bar_component_1_0xsynsnvu3k")
    , "Bar_component_1_0xSyNSnVu3k", [
        bar
    ]);
};

/*
{
  "origin": "test.tsx",
  "name": "Bar_component_L80pS8Hxf1Y",
  "entry": null,
  "displayName": "Bar_component",
  "hash": "L80pS8Hxf1Y",
  "canonicalFilename": "bar_component_l80ps8hxf1y",
  "extension": "tsx",
  "parent": null,
  "ctxKind": "function",
  "ctxName": "component$",
  "captures": false,
  "loc": [
    311,
    438
  ]
}
*/
============================= foo_component_1_dvu6fitwgly.tsx (ENTRY POINT)==

import { useLexicalScope } from "@builder.io/qwik";
export const Foo_component_1_DvU6FitWglY = ()=>{
    const [arg0, foo] = useLexicalScope();
    const fn = ({ aaa  })=>aaa
    ;
    return <div >

              {foo}{fn()}{arg0}

            </div>;
};
import { handleWatch as hW } from "@builder.io/qwik";
hW.issue123 && hW.issue123();
export { hW as handleWatch };

/*
{
  "origin": "test.tsx",
  "name": "Foo_component_1_DvU6FitWglY",
  "entry": null,
  "displayName": "Foo_component_1",
  "hash": "DvU6FitWglY",
  "canonicalFilename": "foo_component_1_dvu6fitwgly",
  "extension": "tsx",
  "parent": "Foo_component_HTDRsvUbLiE",
  "ctxKind": "function",
  "ctxName": "$",
  "captures": true,
  "loc": [
    130,
    274
  ]
}
*/
============================= bar_component_1_0xsynsnvu3k.tsx (ENTRY POINT)==

import { useLexicalScope } from "@builder.io/qwik";
export const Bar_component_1_0xSyNSnVu3k = ()=>{
    const [bar] = useLexicalScope();
    return <div >

              {bar}

            </div>;
};
import { handleWatch as hW } from "@builder.io/qwik";
hW.issue123 && hW.issue123();
export { hW as handleWatch };

/*
{
  "origin": "test.tsx",
  "name": "Bar_component_1_0xSyNSnVu3k",
  "entry": null,
  "displayName": "Bar_component_1",
  "hash": "0xSyNSnVu3k",
  "canonicalFilename": "bar_component_1_0xsynsnvu3k",
  "extension": "tsx",
  "parent": "Bar_component_L80pS8Hxf1Y",
  "ctxKind": "function",
  "ctxName": "$",
  "captures": true,
  "loc": [
    337,
    434
  ]
}
*/
============================= test.tsx ==

import { componentQrl } from "@builder.io/qwik";
import { qrl } from "@builder.io/qwik";
export const Foo = /*#__PURE__*/ componentQrl(qrl(()=>import("./foo_component_htdrsvublie")
, "Foo_component_HTDRsvUbLiE"));
export const Bar = /*#__PURE__*/ componentQrl(qrl(()=>import("./bar_component_l80ps8hxf1y")
, "Bar_component_L80pS8Hxf1Y"));

== DIAGNOSTICS ==

[]
