---
source: packages/qwik/src/optimizer/core/src/test.rs
expression: output
---
==INPUT==


import { $, component$ } from '@builder.io/qwik';
export const Header = component$(() => {
    return (
        <>
            <div onClick={(ctx) => console.log("1")}/>
            <div onClick={$((ctx) => console.log("2"))}/>
        </>
    );
});

============================= header_component_j4uyihabnr4.tsx (ENTRY POINT)==

import { qrl } from "@builder.io/qwik";
export const Header_component_J4uyIhaBNR4 = ()=>{
    return <>

            <div onClick={(ctx)=>console.log("1")
    }/>

            <div onClick={qrl(()=>import("./header_component_div_onclick_i7ekvwh3674")
    , "Header_component_div_onClick_i7ekvWH3674")}/>

        </>;
};

/*
{
  "origin": "test.tsx",
  "name": "Header_component_J4uyIhaBNR4",
  "entry": null,
  "displayName": "Header_component",
  "hash": "J4uyIhaBNR4",
  "canonicalFilename": "header_component_j4uyihabnr4",
  "extension": "tsx",
  "parent": null,
  "ctxKind": "function",
  "ctxName": "component$",
  "captures": false,
  "loc": [
    85,
    250
  ]
}
*/
============================= test.tsx ==

import { componentQrl } from "@builder.io/qwik";
import { qrl } from "@builder.io/qwik";
export const Header = /*#__PURE__*/ componentQrl(qrl(()=>import("./header_component_j4uyihabnr4")
, "Header_component_J4uyIhaBNR4"));

============================= header_component_div_onclick_i7ekvwh3674.tsx (ENTRY POINT)==

export const Header_component_div_onClick_i7ekvWH3674 = (ctx)=>console.log("2")
;
import { handleWatch as hW } from "@builder.io/qwik";
hW.issue123 && hW.issue123();
export { hW as handleWatch };

/*
{
  "origin": "test.tsx",
  "name": "Header_component_div_onClick_i7ekvWH3674",
  "entry": null,
  "displayName": "Header_component_div_onClick",
  "hash": "i7ekvWH3674",
  "canonicalFilename": "header_component_div_onclick_i7ekvwh3674",
  "extension": "tsx",
  "parent": "Header_component_J4uyIhaBNR4",
  "ctxKind": "function",
  "ctxName": "$",
  "captures": false,
  "loc": [
    200,
    225
  ]
}
*/
== DIAGNOSTICS ==

[]
