---
source: packages/qwik/src/optimizer/core/src/test.rs
expression: output
---
==INPUT==


import { $, component$ } from '@builder.io/qwik';

const I1 = 12;
const [I2, {I3, v1: [I4], I5=v2, ...I6}, I7=v3, ...I8] = obj;
function I9() {}
class I10 {}

export const App = component$(({count}) => {
    console.log(I1, I2, I3, I4, I5, I6, I7, I8, I9);
    console.log(itsok, v1, v2, v3, obj);
    return $(() => {
        return (
            <I10></I10>
        )
    });
})

============================= test.js ==

import { componentQrl } from "@builder.io/qwik";
import { qrl } from "@builder.io/qwik";
const [I2, { I3 , v1: [I4] , I5 =v2 , ...I6 }, I7 = v3, ...I8] = obj;
export const App = /*#__PURE__*/ componentQrl(qrl(()=>import("./app_component_ckepmxzlub0")
, "App_component_ckEPmXZlub0"));

============================= app_component_ckepmxzlub0.js (ENTRY POINT)==

import { qrl } from "@builder.io/qwik";
export const App_component_ckEPmXZlub0 = ({ count  })=>{
    console.log(I1, I2, I3, I4, I5, I6, I7, I8, I9);
    console.log(itsok, v1, v2, v3, obj);
    return qrl(()=>import("./app_component_1_w0t0o3qmovu")
    , "App_component_1_w0t0o3QMovU");
};

/*
{
  "origin": "test.tsx",
  "name": "App_component_ckEPmXZlub0",
  "entry": null,
  "displayName": "App_component",
  "hash": "ckEPmXZlub0",
  "canonicalFilename": "app_component_ckepmxzlub0",
  "extension": "js",
  "parent": null,
  "ctxKind": "function",
  "ctxName": "component$",
  "captures": false,
  "loc": [
    191,
    381
  ]
}
*/
============================= app_component_1_w0t0o3qmovu.js (ENTRY POINT)==

import { jsx as _jsx } from "@builder.io/qwik/jsx-runtime";
export const App_component_1_w0t0o3QMovU = ()=>{
    return /*#__PURE__*/ _jsx(I10, {});
};
import { handleWatch as hW } from "@builder.io/qwik";
hW.issue123 && hW.issue123();
export { hW as handleWatch };

/*
{
  "origin": "test.tsx",
  "name": "App_component_1_w0t0o3QMovU",
  "entry": null,
  "displayName": "App_component_1",
  "hash": "w0t0o3QMovU",
  "canonicalFilename": "app_component_1_w0t0o3qmovu",
  "extension": "js",
  "parent": "App_component_ckEPmXZlub0",
  "ctxKind": "function",
  "ctxName": "$",
  "captures": false,
  "loc": [
    313,
    377
  ]
}
*/
== DIAGNOSTICS ==

[
  {
    "category": "error",
    "code": "C01",
    "file": "test.tsx",
    "message": "Reference to identifier declared at the root 'I10'. It needs to be exported in order to be used inside a Qrl($) scope.",
    "highlights": [
      {
        "lo": 153,
        "hi": 156,
        "startLine": 7,
        "startCol": 7,
        "endLine": 7,
        "endCol": 9
      }
    ],
    "suggestions": null,
    "scope": "optimizer"
  },
  {
    "category": "error",
    "code": "C01",
    "file": "test.tsx",
    "message": "Reference to identifier declared at the root 'I1'. It needs to be exported in order to be used inside a Qrl($) scope.",
    "highlights": [
      {
        "lo": 59,
        "hi": 61,
        "startLine": 4,
        "startCol": 7,
        "endLine": 4,
        "endCol": 8
      }
    ],
    "suggestions": null,
    "scope": "optimizer"
  },
  {
    "category": "error",
    "code": "C01",
    "file": "test.tsx",
    "message": "Reference to identifier declared at the root 'I2'. It needs to be exported in order to be used inside a Qrl($) scope.",
    "highlights": [
      {
        "lo": 75,
        "hi": 77,
        "startLine": 5,
        "startCol": 8,
        "endLine": 5,
        "endCol": 9
      }
    ],
    "suggestions": null,
    "scope": "optimizer"
  },
  {
    "category": "error",
    "code": "C01",
    "file": "test.tsx",
    "message": "Reference to identifier declared at the root 'I3'. It needs to be exported in order to be used inside a Qrl($) scope.",
    "highlights": [
      {
        "lo": 80,
        "hi": 82,
        "startLine": 5,
        "startCol": 13,
        "endLine": 5,
        "endCol": 14
      }
    ],
    "suggestions": null,
    "scope": "optimizer"
  },
  {
    "category": "error",
    "code": "C01",
    "file": "test.tsx",
    "message": "Reference to identifier declared at the root 'I4'. It needs to be exported in order to be used inside a Qrl($) scope.",
    "highlights": [
      {
        "lo": 89,
        "hi": 91,
        "startLine": 5,
        "startCol": 22,
        "endLine": 5,
        "endCol": 23
      }
    ],
    "suggestions": null,
    "scope": "optimizer"
  },
  {
    "category": "error",
    "code": "C01",
    "file": "test.tsx",
    "message": "Reference to identifier declared at the root 'I5'. It needs to be exported in order to be used inside a Qrl($) scope.",
    "highlights": [
      {
        "lo": 94,
        "hi": 96,
        "startLine": 5,
        "startCol": 27,
        "endLine": 5,
        "endCol": 28
      }
    ],
    "suggestions": null,
    "scope": "optimizer"
  },
  {
    "category": "error",
    "code": "C01",
    "file": "test.tsx",
    "message": "Reference to identifier declared at the root 'I6'. It needs to be exported in order to be used inside a Qrl($) scope.",
    "highlights": [
      {
        "lo": 104,
        "hi": 106,
        "startLine": 5,
        "startCol": 37,
        "endLine": 5,
        "endCol": 38
      }
    ],
    "suggestions": null,
    "scope": "optimizer"
  },
  {
    "category": "error",
    "code": "C01",
    "file": "test.tsx",
    "message": "Reference to identifier declared at the root 'I7'. It needs to be exported in order to be used inside a Qrl($) scope.",
    "highlights": [
      {
        "lo": 109,
        "hi": 111,
        "startLine": 5,
        "startCol": 42,
        "endLine": 5,
        "endCol": 43
      }
    ],
    "suggestions": null,
    "scope": "optimizer"
  },
  {
    "category": "error",
    "code": "C01",
    "file": "test.tsx",
    "message": "Reference to identifier declared at the root 'I8'. It needs to be exported in order to be used inside a Qrl($) scope.",
    "highlights": [
      {
        "lo": 119,
        "hi": 121,
        "startLine": 5,
        "startCol": 52,
        "endLine": 5,
        "endCol": 53
      }
    ],
    "suggestions": null,
    "scope": "optimizer"
  },
  {
    "category": "error",
    "code": "C01",
    "file": "test.tsx",
    "message": "Reference to identifier declared at the root 'I9'. It needs to be exported in order to be used inside a Qrl($) scope.",
    "highlights": [
      {
        "lo": 139,
        "hi": 141,
        "startLine": 6,
        "startCol": 10,
        "endLine": 6,
        "endCol": 11
      }
    ],
    "suggestions": null,
    "scope": "optimizer"
  }
]
