---
source: packages/qwik/src/optimizer/core/src/test.rs
expression: output
---
==INPUT==


import { $, component$, useStore } from '@builder.io/qwik';
const Header = component$(() => {
    const thing = useStore();
    const {foo, bar} = foo();

    return (
        <div>{thing}</div>
    );
});

============================= header_component_j4uyihabnr4.tsx (ENTRY POINT)==

import { useStore } from "@builder.io/qwik";
export const Header_component_J4uyIhaBNR4 = ()=>{
    const thing = useStore();
    const { foo , bar  } = foo();
    return <div >{thing}</div>;
};

/*
{
  "origin": "test.tsx",
  "name": "Header_component_J4uyIhaBNR4",
  "entry": null,
  "displayName": "Header_component",
  "hash": "J4uyIhaBNR4",
  "canonicalFilename": "header_component_j4uyihabnr4",
  "extension": "tsx",
  "parent": null,
  "ctxKind": "function",
  "ctxName": "component$",
  "captures": false,
  "loc": [
    88,
    205
  ]
}
*/
============================= test.tsx ==

import { componentQrl } from "@builder.io/qwik";
import { qrl } from "@builder.io/qwik";
import { $, component$, useStore } from '@builder.io/qwik';
const Header = /*#__PURE__*/ componentQrl(qrl(()=>import("./header_component_j4uyihabnr4")
, "Header_component_J4uyIhaBNR4"));

== DIAGNOSTICS ==

[]
