---
source: packages/qwik/src/optimizer/core/src/test.rs
expression: output
---
==INPUT==


import { $, component$ } from '@builder.io/qwik';
import thing from 'lib';
import * as all from 'lib';
import {s as se} from 'lib';

export const Header = component$(() => {
    return $(() => <Footer>{thing}{all()}{se()}</Footer>)
});

export const Footer = component$();

============================= project/test.js ==

import*as b from"@builder.io/qwik";import{componentQrl as a}from"@builder.io/qwik";export const Header=/*#__PURE__*/ a(b.qrl(()=>import("../entry_hooks"),"Header_component_ZdVwofEnicA"));export const Footer=/*#__PURE__*/ a();
============================= header_component_1_0qe8a9tkfwq.js ==

import*as a from"@builder.io/qwik";import{Footer as b}from"./project/test";import{jsxs as c}from"@builder.io/qwik/jsx-runtime";import*as d from"lib";import{s as e}from"lib";import f from"lib";export const Header_component_1_0qE8a9tkFwQ=()=>/*#__PURE__*/ c(b,{children:[f,d(),e()]});
/*
{
  "origin": "project/test.tsx",
  "name": "Header_component_1_0qE8a9tkFwQ",
  "entry": "entry_hooks",
  "canonicalFilename": "header_component_1_0qe8a9tkfwq",
  "extension": "js",
  "parent": "Header_component_ZdVwofEnicA",
  "ctxKind": "function",
  "ctxName": "$",
  "captures": false
}
*/
============================= header_component_zdvwofenica.js ==

import*as a from"@builder.io/qwik";export const Header_component_ZdVwofEnicA=()=>a.qrl(()=>import("./entry_hooks"),"Header_component_1_0qE8a9tkFwQ");
/*
{
  "origin": "project/test.tsx",
  "name": "Header_component_ZdVwofEnicA",
  "entry": "entry_hooks",
  "canonicalFilename": "header_component_zdvwofenica",
  "extension": "js",
  "parent": null,
  "ctxKind": "function",
  "ctxName": "component$",
  "captures": false
}
*/
============================= entry_hooks.js (ENTRY POINT)==

export{Header_component_1_0qE8a9tkFwQ}from"./header_component_1_0qe8a9tkfwq";export{Header_component_ZdVwofEnicA}from"./header_component_zdvwofenica";export{handleWatch}from"@builder.io/qwik";
== DIAGNOSTICS ==

[]
