---
source: packages/qwik/src/optimizer/core/src/test.rs
expression: output
---
==INPUT==


import { $, component$, h, Fragment } from '@builder.io/qwik';

export const Lightweight = (props) => {
    return (
        <div>
            <>
                <div/>
                <button {...props}/>
            </>
        </div>
    )
};

export const Foo = component$((props) => {
    return $(() => {
        return (
            <div>
                <>
                    <div class="class"/>
                    <div class="class"></div>
                    <div class="class">12</div>
                </>
                <div class="class">
                    <Lightweight {...props}/>
                </div>
                <div class="class">
                    <div/>
                    <div/>
                    <div/>
                </div>
                <div class="class">
                    {children}
                </div>
            </div>
        )
    });
}, {
    tagName: "my-foo",
});

============================= test.js ==

import { componentQrl } from "@builder.io/qwik";
import { qrl } from "@builder.io/qwik";
import { jsx as _jsx, jsxs as _jsxs, Fragment as _Fragment } from "@builder.io/qwik/jsx-runtime";
export const Lightweight = (props)=>{
    return /*#__PURE__*/ _jsx("div", {
        children: /*#__PURE__*/ _jsxs(_Fragment, {
            children: [
                /*#__PURE__*/ _jsx("div", {}),
                /*#__PURE__*/ _jsx("button", {
                    ...props
                })
            ]
        })
    });
};
export const Foo = /*#__PURE__*/ componentQrl(qrl(()=>import("./foo_component_htdrsvublie")
, "Foo_component_HTDRsvUbLiE"), {
    tagName: "my-foo"
});

============================= foo_component_htdrsvublie.js (ENTRY POINT)==

import { qrl } from "@builder.io/qwik";
export const Foo_component_HTDRsvUbLiE = (props)=>{
    return qrl(()=>import("./foo_component_1_dvu6fitwgly")
    , "Foo_component_1_DvU6FitWglY", [
        props
    ]);
};

/*
{
  "origin": "test.tsx",
  "name": "Foo_component_HTDRsvUbLiE",
  "entry": null,
  "displayName": "Foo_component",
  "hash": "HTDRsvUbLiE",
  "canonicalFilename": "foo_component_htdrsvublie",
  "extension": "js",
  "parent": null,
  "ctxKind": "function",
  "ctxName": "component$",
  "captures": false,
  "loc": [
    279,
    895
  ]
}
*/
============================= foo_component_1_dvu6fitwgly.js (ENTRY POINT)==

import { useLexicalScope } from "@builder.io/qwik";
import { Lightweight } from "./test";
import { Fragment as _Fragment } from "@builder.io/qwik/jsx-runtime";
import { jsx as _jsx } from "@builder.io/qwik/jsx-runtime";
import { jsxs as _jsxs } from "@builder.io/qwik/jsx-runtime";
export const Foo_component_1_DvU6FitWglY = ()=>{
    const [props] = useLexicalScope();
    return /*#__PURE__*/ _jsxs("div", {
        children: [
            /*#__PURE__*/ _jsxs(_Fragment, {
                children: [
                    /*#__PURE__*/ _jsx("div", {
                        class: "class"
                    }),
                    /*#__PURE__*/ _jsx("div", {
                        class: "class"
                    }),
                    /*#__PURE__*/ _jsx("div", {
                        class: "class",
                        children: "12"
                    })
                ]
            }),
            /*#__PURE__*/ _jsx("div", {
                class: "class",
                children: /*#__PURE__*/ _jsx(Lightweight, {
                    ...props
                })
            }),
            /*#__PURE__*/ _jsxs("div", {
                class: "class",
                children: [
                    /*#__PURE__*/ _jsx("div", {}),
                    /*#__PURE__*/ _jsx("div", {}),
                    /*#__PURE__*/ _jsx("div", {})
                ]
            }),
            /*#__PURE__*/ _jsx("div", {
                class: "class",
                children: children
            })
        ]
    });
};
import { handleWatch as hW } from "@builder.io/qwik";
hW.issue123 && hW.issue123();
export { hW as handleWatch };

/*
{
  "origin": "test.tsx",
  "name": "Foo_component_1_DvU6FitWglY",
  "entry": null,
  "displayName": "Foo_component_1",
  "hash": "DvU6FitWglY",
  "canonicalFilename": "foo_component_1_dvu6fitwgly",
  "extension": "js",
  "parent": "Foo_component_HTDRsvUbLiE",
  "ctxKind": "function",
  "ctxName": "$",
  "captures": true,
  "loc": [
    305,
    891
  ]
}
*/
== DIAGNOSTICS ==

[]
