---
source: packages/qwik/src/optimizer/core/src/test.rs
expression: output
---
==INPUT==


import { component$, $ } from '@builder.io/qwik';

export const Greeter = component$(() => {
    return $(() => {
        return (
            <div/>
        )
    });
});

const d = $(()=>console.log('thing'));

============================= test.js ==

import { componentQrl } from "@builder.io/qwik";
import { qrl } from "@builder.io/qwik";
export const Greeter = /*#__PURE__*/ componentQrl(qrl(()=>import("./greeter_component_n7hug2hhu0q")
, "Greeter_component_n7HuG2hhU0Q"));
qrl(()=>import("./d_wknfjeiqvua")
, "d_wKNFJEIQVUA");

============================= d_wknfjeiqvua.js (ENTRY POINT)==

export const d_wKNFJEIQVUA = ()=>console.log('thing')
;
import { handleWatch as hW } from "@builder.io/qwik";
hW.issue123 && hW.issue123();
export { hW as handleWatch };

/*
{
  "origin": "test.tsx",
  "name": "d_wKNFJEIQVUA",
  "entry": null,
  "displayName": "d",
  "hash": "wKNFJEIQVUA",
  "canonicalFilename": "d_wknfjeiqvua",
  "extension": "js",
  "parent": null,
  "ctxKind": "function",
  "ctxName": "$",
  "captures": false,
  "loc": [
    187,
    211
  ]
}
*/
============================= greeter_component_1_krcndswhx4u.js (ENTRY POINT)==

import { jsx as _jsx } from "@builder.io/qwik/jsx-runtime";
export const Greeter_component_1_krCndSwhX4U = ()=>{
    return /*#__PURE__*/ _jsx("div", {});
};
import { handleWatch as hW } from "@builder.io/qwik";
hW.issue123 && hW.issue123();
export { hW as handleWatch };

/*
{
  "origin": "test.tsx",
  "name": "Greeter_component_1_krCndSwhX4U",
  "entry": null,
  "displayName": "Greeter_component_1",
  "hash": "krCndSwhX4U",
  "canonicalFilename": "greeter_component_1_krcndswhx4u",
  "extension": "js",
  "parent": "Greeter_component_n7HuG2hhU0Q",
  "ctxKind": "function",
  "ctxName": "$",
  "captures": false,
  "loc": [
    108,
    167
  ]
}
*/
============================= greeter_component_n7hug2hhu0q.js (ENTRY POINT)==

import { qrl } from "@builder.io/qwik";
export const Greeter_component_n7HuG2hhU0Q = ()=>{
    return qrl(()=>import("./greeter_component_1_krcndswhx4u")
    , "Greeter_component_1_krCndSwhX4U");
};

/*
{
  "origin": "test.tsx",
  "name": "Greeter_component_n7HuG2hhU0Q",
  "entry": null,
  "displayName": "Greeter_component",
  "hash": "n7HuG2hhU0Q",
  "canonicalFilename": "greeter_component_n7hug2hhu0q",
  "extension": "js",
  "parent": null,
  "ctxKind": "function",
  "ctxName": "component$",
  "captures": false,
  "loc": [
    87,
    171
  ]
}
*/
== DIAGNOSTICS ==

[]
