---
source: packages/qwik/src/optimizer/core/src/test.rs
expression: output
---
==INPUT==


import { $, component$, useStore } from '@builder.io/qwik';
export const useCounter = () => {
    return useStore({count: 0});
}

export const STEP = 1;

export const App = component$((props) => {
    const state = useCounter();
    const thing = useStore({thing: 0});
    const STEP_2 = 2;

    const count2 = state.count * 2;
    return (
        <div onClick$={() => state.count+=count2 }>
            <span>{state.count}</span>
            {buttons.map(btn => (
                <button
                    onClick$={() => state.count += btn.offset + thing + STEP + STEP_2 + props.step}
                >
                    {btn.name}
                </button>
            ))}

        </div>

    );
})

============================= test.js ==

import { componentQrl } from "@builder.io/qwik";
import { qrl } from "@builder.io/qwik";
import { useStore } from '@builder.io/qwik';
export const useCounter = ()=>{
    return useStore({
        count: 0
    });
};
export const STEP = 1;
export const App = /*#__PURE__*/ componentQrl(qrl(()=>import("./app_component_ckepmxzlub0")
, "App_component_ckEPmXZlub0"));

============================= app_component_div_onclick_1cgetmfzx0g.js (ENTRY POINT)==

import { useLexicalScope } from "@builder.io/qwik";
export const App_component_div_onClick_1CGetmFZx0g = ()=>{
    const [count2, state] = useLexicalScope();
    return state.count += count2;
};

/*
{
  "origin": "test.tsx",
  "name": "App_component_div_onClick_1CGetmFZx0g",
  "entry": null,
  "displayName": "App_component_div_onClick",
  "hash": "1CGetmFZx0g",
  "canonicalFilename": "app_component_div_onclick_1cgetmfzx0g",
  "extension": "js",
  "parent": "App_component_ckEPmXZlub0",
  "ctxKind": "event",
  "ctxName": "onClick$",
  "captures": true,
  "loc": [
    366,
    391
  ]
}
*/
============================= app_component_div_button_onclick_f5nww9e63a4.js (ENTRY POINT)==

import { useLexicalScope } from "@builder.io/qwik";
import { STEP } from "./test";
export const App_component_div_button_onClick_f5NwW9e63a4 = ()=>{
    const [STEP_2, btn, props, state, thing] = useLexicalScope();
    return state.count += btn.offset + thing + STEP + STEP_2 + props.step;
};

/*
{
  "origin": "test.tsx",
  "name": "App_component_div_button_onClick_f5NwW9e63a4",
  "entry": null,
  "displayName": "App_component_div_button_onClick",
  "hash": "f5NwW9e63a4",
  "canonicalFilename": "app_component_div_button_onclick_f5nww9e63a4",
  "extension": "js",
  "parent": "App_component_ckEPmXZlub0",
  "ctxKind": "event",
  "ctxName": "onClick$",
  "captures": true,
  "loc": [
    522,
    590
  ]
}
*/
============================= app_component_ckepmxzlub0.js (ENTRY POINT)==

import { jsx as _jsx } from "@builder.io/qwik/jsx-runtime";
import { jsxs as _jsxs } from "@builder.io/qwik/jsx-runtime";
import { qrl } from "@builder.io/qwik";
import { useCounter } from "./test";
import { useStore } from "@builder.io/qwik";
export const App_component_ckEPmXZlub0 = (props)=>{
    const state = useCounter();
    const thing = useStore({
        thing: 0
    });
    const STEP_2 = 2;
    const count2 = state.count * 2;
    return /*#__PURE__*/ _jsxs("div", {
        onClick$: qrl(()=>import("./app_component_div_onclick_1cgetmfzx0g")
        , "App_component_div_onClick_1CGetmFZx0g", [
            count2,
            state
        ]),
        children: [
            /*#__PURE__*/ _jsx("span", {
                children: state.count
            }),
            buttons.map((btn)=>/*#__PURE__*/ _jsx("button", {
                    onClick$: qrl(()=>import("./app_component_div_button_onclick_f5nww9e63a4")
                    , "App_component_div_button_onClick_f5NwW9e63a4", [
                        STEP_2,
                        btn,
                        props,
                        state,
                        thing
                    ]),
                    children: btn.name
                })
            )
        ]
    });
};

/*
{
  "origin": "test.tsx",
  "name": "App_component_ckEPmXZlub0",
  "entry": null,
  "displayName": "App_component",
  "hash": "ckEPmXZlub0",
  "canonicalFilename": "app_component_ckepmxzlub0",
  "extension": "js",
  "parent": null,
  "ctxKind": "function",
  "ctxName": "component$",
  "captures": false,
  "loc": [
    186,
    708
  ]
}
*/
== DIAGNOSTICS ==

[]
