---
source: packages/qwik/src/optimizer/core/src/test.rs
expression: output
---
==INPUT==


/* @jsxImportSource react */

import { qwikify$ } from './qwikfy';

export const App = () => (
    <div onClick$={()=>console.log('App')}></div>
);

export const App2 = qwikify$(() => (
    <div onClick$={()=>console.log('App2')}></div>
));

============================= test.js ==

import { qrl } from "@builder.io/qwik";
import { qwikifyQrl } from "./qwikfy";
import { jsx as _jsx } from "react/jsx-runtime";
export const App = ()=>/*#__PURE__*/ _jsx("div", {
        onClick$: ()=>console.log('App')
    })
;
export const App2 = qwikifyQrl(qrl(()=>import("./app2_qwikify_rkjw7ocmds4.js")
, "App2_qwikify_RKJW7oCMdS4"));

============================= app2_qwikify_rkjw7ocmds4.js (ENTRY POINT)==

import { jsx as _jsx } from "react/jsx-runtime";
export const App2_qwikify_RKJW7oCMdS4 = ()=>/*#__PURE__*/ _jsx("div", {
        onClick$: ()=>console.log('App2')
    })
;

/*
{
  "origin": "test.tsx",
  "name": "App2_qwikify_RKJW7oCMdS4",
  "entry": null,
  "displayName": "App2_qwikify",
  "hash": "RKJW7oCMdS4",
  "canonicalFilename": "app2_qwikify_rkjw7ocmds4",
  "extension": "js",
  "parent": null,
  "ctxKind": "function",
  "ctxName": "qwikify$",
  "captures": false,
  "loc": [
    180,
    240
  ]
}
*/
== DIAGNOSTICS ==

[]
