---
source: packages/qwik/src/optimizer/core/src/test.rs
expression: output
---
==INPUT==


import { $, component$ } from '@builder.io/qwik';

export const Header = component$(() => {
    return $((hola) => {
        const hola = this;
        const {something, styff} = hola;
        const hello = hola.nothere.stuff[global];
        return (
            <Header/>
        );
    });
});

============================= header_component_j4uyihabnr4.tsx (ENTRY POINT)==

import { qrl } from "@builder.io/qwik";
export const Header_component_J4uyIhaBNR4 = ()=>{
    return qrl(()=>import("./header_component_1_2b8d0oh9zwc")
    , "Header_component_1_2B8d0oH9ZWc");
};

/*
{
  "origin": "test.tsx",
  "name": "Header_component_J4uyIhaBNR4",
  "entry": null,
  "displayName": "Header_component",
  "hash": "J4uyIhaBNR4",
  "canonicalFilename": "header_component_j4uyihabnr4",
  "extension": "tsx",
  "parent": null,
  "ctxKind": "function",
  "ctxName": "component$",
  "captures": false,
  "loc": [
    86,
    296
  ]
}
*/
============================= header_component_1_2b8d0oh9zwc.tsx (ENTRY POINT)==

import { Header } from "./test";
export const Header_component_1_2B8d0oH9ZWc = (hola)=>{
    const hola = this;
    const { something , styff  } = hola;
    const hello = hola.nothere.stuff[global];
    return <Header />;
};
import { handleWatch as hW } from "@builder.io/qwik";
hW.issue123 && hW.issue123();
export { hW as handleWatch };

/*
{
  "origin": "test.tsx",
  "name": "Header_component_1_2B8d0oH9ZWc",
  "entry": null,
  "displayName": "Header_component_1",
  "hash": "2B8d0oH9ZWc",
  "canonicalFilename": "header_component_1_2b8d0oh9zwc",
  "extension": "tsx",
  "parent": "Header_component_J4uyIhaBNR4",
  "ctxKind": "function",
  "ctxName": "$",
  "captures": false,
  "loc": [
    107,
    292
  ]
}
*/
============================= test.tsx ==

import { componentQrl } from "@builder.io/qwik";
import { qrl } from "@builder.io/qwik";
export const Header = /*#__PURE__*/ componentQrl(qrl(()=>import("./header_component_j4uyihabnr4")
, "Header_component_J4uyIhaBNR4"));

== DIAGNOSTICS ==

[]
