---
source: packages/qwik/src/optimizer/core/src/test.rs
expression: output
---
==INPUT==


import { component$, $, useStyles$ } from '@builder.io/qwik';

export const App = component$((props) => {
    useStyles$('hola');
    return $(() => (
        <div></div>
    ));
});

============================= test.tsx ==

import { componentQrl } from "@builder.io/qwik";
import { qrl } from "@builder.io/qwik";
export const App = /*#__PURE__*/ componentQrl(qrl(()=>import("./entry_hooks.tsx")
, "App_component_ckEPmXZlub0"));

============================= app_component_usestyles_t35nsa5uv7u.tsx ==

export const App_component_useStyles_t35nSa5UV7U = 'hola';

/*
{
  "origin": "test.tsx",
  "name": "App_component_useStyles_t35nSa5UV7U",
  "entry": "entry_hooks",
  "displayName": "App_component_useStyles",
  "hash": "t35nSa5UV7U",
  "canonicalFilename": "app_component_usestyles_t35nsa5uv7u",
  "extension": "tsx",
  "parent": "App_component_ckEPmXZlub0",
  "ctxKind": "function",
  "ctxName": "useStyles$",
  "captures": false,
  "loc": [
    123,
    129
  ]
}
*/
============================= app_component_ckepmxzlub0.tsx ==

import { qrl } from "@builder.io/qwik";
import { useStylesQrl } from "@builder.io/qwik";
export const App_component_ckEPmXZlub0 = (props)=>{
    useStylesQrl(qrl(()=>import("./entry_hooks.tsx")
    , "App_component_useStyles_t35nSa5UV7U"));
    return qrl(()=>import("./entry_hooks.tsx")
    , "App_component_1_w0t0o3QMovU");
};

/*
{
  "origin": "test.tsx",
  "name": "App_component_ckEPmXZlub0",
  "entry": "entry_hooks",
  "displayName": "App_component",
  "hash": "ckEPmXZlub0",
  "canonicalFilename": "app_component_ckepmxzlub0",
  "extension": "tsx",
  "parent": null,
  "ctxKind": "function",
  "ctxName": "component$",
  "captures": false,
  "loc": [
    95,
    182
  ]
}
*/
============================= app_component_1_w0t0o3qmovu.tsx ==

export const App_component_1_w0t0o3QMovU = ()=><div ></div>
;

/*
{
  "origin": "test.tsx",
  "name": "App_component_1_w0t0o3QMovU",
  "entry": "entry_hooks",
  "displayName": "App_component_1",
  "hash": "w0t0o3QMovU",
  "canonicalFilename": "app_component_1_w0t0o3qmovu",
  "extension": "tsx",
  "parent": "App_component_ckEPmXZlub0",
  "ctxKind": "function",
  "ctxName": "$",
  "captures": false,
  "loc": [
    145,
    178
  ]
}
*/
============================= entry_hooks.js (ENTRY POINT)==

export { App_component_useStyles_t35nSa5UV7U } from "./app_component_usestyles_t35nsa5uv7u.tsx";
export { App_component_ckEPmXZlub0 } from "./app_component_ckepmxzlub0.tsx";
export { App_component_1_w0t0o3QMovU } from "./app_component_1_w0t0o3qmovu.tsx";
import { handleWatch as hW } from "@builder.io/qwik";
hW.issue123 && hW.issue123();
export { hW as handleWatch };

== DIAGNOSTICS ==

[]
