---
source: src/optimizer/core/src/test.rs
assertion_line: 915
expression: output

---
==INPUT==


import { component$ as Component, $ as onRender } from '@builder.io/qwik';

export const handler = $(()=>console.log('hola'));

export const App = component$((props) => {
    useStyles$('hola');
    return $(() => (
        <div>{state.thing}</div>
    ));
});

============================= test.js ==

import { jsx as _jsx } from "@builder.io/qwik/jsx-runtime";
export const handler = $(()=>console.log('hola')
);
export const App = component$((props)=>{
    useStyles$('hola');
    return $(()=>/*#__PURE__*/ _jsx("div", {
            children: state.thing
        })
    );
});

== DIAGNOSTICS ==

[]
