---
source: packages/qwik/src/optimizer/core/src/test.rs
expression: output
---
==INPUT==


import { $, component$ } from '@builder.io/qwik';

export const [a, {b, v1: [c], d=v2, ...e}, f=v3, ...g] = obj;

const exp1 = 1;
const internal = 2;
export {exp1, internal as expr2};

export function foo() { }
export class bar {}

export default function DefaultFn() {}

export const Header = component$(() => {
    return $(() => (
        <Footer>
            <div>{a}{b}{c}{d}{e}{f}{exp1}{internal}{foo}{bar}{DefaultFn}</div>
            <div>{v1}{v2}{v3}{obj}</div>
        </Footer>
    ))
});

export const Footer = component$();

============================= header_component_uvbjufyfvdo.tsx (ENTRY POINT)==

import { qrl } from "@builder.io/qwik";
export const Header_component_UVBJuFYfvDo = ()=>{
    return qrl(()=>import("./header_component_1_uwm1kg0igo0")
    , "Header_component_1_uWM1kg0IGO0");
};

/*
{
  "origin": "project/test.tsx",
  "name": "Header_component_UVBJuFYfvDo",
  "entry": null,
  "displayName": "Header_component",
  "hash": "UVBJuFYfvDo",
  "canonicalFilename": "header_component_uvbjufyfvdo",
  "extension": "tsx",
  "parent": null,
  "ctxKind": "function",
  "ctxName": "component$",
  "captures": false,
  "loc": [
    307,
    499
  ]
}
*/
============================= project/test.tsx ==

import { componentQrl } from "@builder.io/qwik";
import { qrl } from "@builder.io/qwik";
export const [a, { b , v1: [c] , d =v2 , ...e }, f = v3, ...g] = obj;
const exp1 = 1;
const internal = 2;
export { exp1, internal as expr2 };
export function foo() {}
export class bar {
}
export default function DefaultFn() {};
export const Header = /*#__PURE__*/ componentQrl(qrl(()=>import("../header_component_uvbjufyfvdo")
, "Header_component_UVBJuFYfvDo"));
export const Footer = /*#__PURE__*/ componentQrl();

============================= header_component_1_uwm1kg0igo0.tsx (ENTRY POINT)==

import { default as DefaultFn } from "./project/test";
import { Footer } from "./project/test";
import { a } from "./project/test";
import { b } from "./project/test";
import { bar } from "./project/test";
import { c } from "./project/test";
import { d } from "./project/test";
import { e } from "./project/test";
import { exp1 } from "./project/test";
import { f } from "./project/test";
import { foo } from "./project/test";
import { expr2 as internal } from "./project/test";
export const Header_component_1_uWM1kg0IGO0 = ()=><Footer >

            <div >{a}{b}{c}{d}{e}{f}{exp1}{internal}{foo}{bar}{DefaultFn}</div>

            <div >{v1}{v2}{v3}{obj}</div>

        </Footer>
;
import { handleWatch as hW } from "@builder.io/qwik";
hW.issue123 && hW.issue123();
export { hW as handleWatch };

/*
{
  "origin": "project/test.tsx",
  "name": "Header_component_1_uWM1kg0IGO0",
  "entry": null,
  "displayName": "Header_component_1",
  "hash": "uWM1kg0IGO0",
  "canonicalFilename": "header_component_1_uwm1kg0igo0",
  "extension": "tsx",
  "parent": "Header_component_UVBJuFYfvDo",
  "ctxKind": "function",
  "ctxName": "$",
  "captures": false,
  "loc": [
    328,
    496
  ]
}
*/
== DIAGNOSTICS ==

[]
