---
source: packages/qwik/src/optimizer/core/src/test.rs
expression: output
---
==INPUT==


import { $, component$ } from '@builder.io/qwik';

export const App = component$(() => {
    function hola() {
      console.log('hola');
    }
    class Thing {}
    class Other {}

    return $(() => {
      hola();
      new Thing();
      return (
          <div></div>
      )
    });
})

============================= test.js ==

import { componentQrl } from "@builder.io/qwik";
import { qrl } from "@builder.io/qwik";
export const App = /*#__PURE__*/ componentQrl(qrl(()=>import("./app_component_ckepmxzlub0")
, "App_component_ckEPmXZlub0"));

============================= app_component_ckepmxzlub0.js (ENTRY POINT)==

import { qrl } from "@builder.io/qwik";
export const App_component_ckEPmXZlub0 = ()=>{
    function hola() {
        console.log('hola');
    }
    class Thing {
    }
    class Other {
    }
    return qrl(()=>import("./app_component_1_w0t0o3qmovu")
    , "App_component_1_w0t0o3QMovU");
};

/*
{
  "origin": "test.tsx",
  "name": "App_component_ckEPmXZlub0",
  "entry": null,
  "displayName": "App_component",
  "hash": "ckEPmXZlub0",
  "canonicalFilename": "app_component_ckepmxzlub0",
  "extension": "js",
  "parent": null,
  "ctxKind": "function",
  "ctxName": "component$",
  "captures": false,
  "loc": [
    83,
    293
  ]
}
*/
============================= app_component_1_w0t0o3qmovu.js (ENTRY POINT)==

import { jsx as _jsx } from "@builder.io/qwik/jsx-runtime";
export const App_component_1_w0t0o3QMovU = ()=>{
    hola();
    new Thing();
    return /*#__PURE__*/ _jsx("div", {});
};
import { handleWatch as hW } from "@builder.io/qwik";
hW.issue123 && hW.issue123();
export { hW as handleWatch };

/*
{
  "origin": "test.tsx",
  "name": "App_component_1_w0t0o3QMovU",
  "entry": null,
  "displayName": "App_component_1",
  "hash": "w0t0o3QMovU",
  "canonicalFilename": "app_component_1_w0t0o3qmovu",
  "extension": "js",
  "parent": "App_component_ckEPmXZlub0",
  "ctxKind": "function",
  "ctxName": "$",
  "captures": false,
  "loc": [
    198,
    289
  ]
}
*/
== DIAGNOSTICS ==

[
  {
    "category": "error",
    "code": "C02",
    "file": "test.tsx",
    "message": "Reference to identifier 'Thing' can not be used inside a Qrl($) scope because it's a function",
    "highlights": null,
    "suggestions": null,
    "scope": "optimizer"
  },
  {
    "category": "error",
    "code": "C02",
    "file": "test.tsx",
    "message": "Reference to identifier 'hola' can not be used inside a Qrl($) scope because it's a function",
    "highlights": null,
    "suggestions": null,
    "scope": "optimizer"
  }
]
