---
source: packages/qwik/src/optimizer/core/src/test.rs
expression: output
---
==INPUT==


import { $, component$ } from '@builder.io/qwik';
export function App() {
    const Header = component$(() => {
        console.log("mount");
        return (
            <div onClick={$((ctx) => console.log(ctx))}/>
        );
    });
    return Header;
}

============================= app_header_component_b9f3yeqco1w.tsx (ENTRY POINT)==

import { qrl } from "@builder.io/qwik";
export const App_Header_component_B9F3YeqcO1w = ()=>{
    console.log("mount");
    return <div onClick={qrl(()=>import("./app_header_component_div_onclick_ao7ui7iw6oq")
    , "App_Header_component_div_onClick_aO7uI7Iw6oQ")}/>;
};

/*
{
  "origin": "test.tsx",
  "name": "App_Header_component_B9F3YeqcO1w",
  "entry": null,
  "displayName": "App_Header_component",
  "hash": "B9F3YeqcO1w",
  "canonicalFilename": "app_header_component_b9f3yeqco1w",
  "extension": "tsx",
  "parent": null,
  "ctxKind": "function",
  "ctxName": "component$",
  "captures": false,
  "loc": [
    106,
    235
  ]
}
*/
============================= app_header_component_div_onclick_ao7ui7iw6oq.tsx (ENTRY POINT)==

export const App_Header_component_div_onClick_aO7uI7Iw6oQ = (ctx)=>console.log(ctx)
;
import { handleWatch as hW } from "@builder.io/qwik";
hW.issue123 && hW.issue123();
export { hW as handleWatch };

/*
{
  "origin": "test.tsx",
  "name": "App_Header_component_div_onClick_aO7uI7Iw6oQ",
  "entry": null,
  "displayName": "App_Header_component_div_onClick",
  "hash": "aO7uI7Iw6oQ",
  "canonicalFilename": "app_header_component_div_onclick_ao7ui7iw6oq",
  "extension": "tsx",
  "parent": "App_Header_component_B9F3YeqcO1w",
  "ctxKind": "function",
  "ctxName": "$",
  "captures": false,
  "loc": [
    189,
    214
  ]
}
*/
============================= test.tsx ==

import { componentQrl } from "@builder.io/qwik";
import { qrl } from "@builder.io/qwik";
export function App() {
    const Header = /*#__PURE__*/ componentQrl(qrl(()=>import("./app_header_component_b9f3yeqco1w")
    , "App_Header_component_B9F3YeqcO1w"));
    return Header;
}

== DIAGNOSTICS ==

[]
