---
source: packages/qwik/src/optimizer/core/src/test.rs
expression: output
---
==INPUT==


import { component$ as Component, $ as onRender, useStore, wrap, useEffect } from '@builder.io/qwik';


export const useMemo$ = (qrt) => {
    useEffect(qrt);
};

export const App = component$((props) => {
    const state = useStore({count: 0});
    useMemo$(() => {
        console.log(state.count);
    });
    return $(() => (
        <div>{state.count}</div>
    ));
});

============================= test.js ==

import { jsx as _jsx } from "@builder.io/qwik/jsx-runtime";
import { useStore, useEffect } from '@builder.io/qwik';
export const useMemo$ = (qrt)=>{
    useEffect(qrt);
};
export const App = component$((props)=>{
    const state = useStore({
        count: 0
    });
    useMemo$(()=>{
        console.log(state.count);
    });
    return $(()=>/*#__PURE__*/ _jsx("div", {
            children: state.count
        })
    );
});

== DIAGNOSTICS ==

[
  {
    "category": "error",
    "code": "C05",
    "file": "test.tsx",
    "message": "Found 'useMemo$' but did not find the corresponding 'useMemoQrl' exported in the same file. Please check that it is exported and spelled correctly",
    "highlights": [
      {
        "lo": 252,
        "hi": 260,
        "startLine": 11,
        "startCol": 5,
        "endLine": 11,
        "endCol": 12
      }
    ],
    "suggestions": null,
    "scope": "optimizer"
  }
]
