---
source: packages/qwik/src/optimizer/core/src/test.rs
expression: output
---
==INPUT==


import { $, component$ } from '@builder.io/qwik';
export const sym1 = $((ctx) => console.log("1"));

============================= sym1_axurpxx5lak.tsx (ENTRY POINT)==

export const sym1_aXUrPXX5Lak = (ctx)=>console.log("1")
;
import { handleWatch as hW } from "@builder.io/qwik";
hW.issue123 && hW.issue123();
export { hW as handleWatch };

/*
{
  "origin": "test.tsx",
  "name": "sym1_aXUrPXX5Lak",
  "entry": null,
  "displayName": "sym1",
  "hash": "aXUrPXX5Lak",
  "canonicalFilename": "sym1_axurpxx5lak",
  "extension": "tsx",
  "parent": null,
  "ctxKind": "function",
  "ctxName": "$",
  "captures": false,
  "loc": [
    74,
    99
  ]
}
*/
============================= test.tsx ==

import { qrl } from "@builder.io/qwik";
export const sym1 = qrl(()=>import("./sym1_axurpxx5lak")
, "sym1_aXUrPXX5Lak");

== DIAGNOSTICS ==

[]
